// Jest Snapshot v1, https://goo.gl/fbAQLP

exports[`<Form /> render correctly 1`] = `
Array [
  <form
    onSubmit={[Function]}
  >
    <label
      className="url"
    >
       URL
    </label>
    <input
      id="url"
      onChange={[Function]}
      type="text"
    />
    <button
      type="submit"
    >
      GO!
    </button>
    <label
      for="get"
    >
      GET
    </label>
    <input
      id="get"
      name="rest"
      onClick={[Function]}
      type="radio"
      value="GET"
    />
    <label
      for="post"
    >
      POST
    </label>
    <input
      id="post"
      name="rest"
      onClick={[Function]}
      type="radio"
      value="POST"
    />
    <label
      for="put"
    >
      PUT
    </label>
    <input
      id="put"
      name="rest"
      onClick={[Function]}
      type="radio"
      value="PUT"
    />
    <label
      for="delete"
    >
      DELETE
    </label>
    <input
      id="delete"
      name="rest"
      onClick={[Function]}
      type="radio"
      value="DELETE"
    />
  </form>,
  <section
    id="result"
  >
    <span
      className="method"
    />
    <span
      className="url"
    />
  </section>,
]
`;
